> bs.bool("opening_11_12_bal_2.txt",10,"pass","opening")
     pass opening total   freq
1950  105      66   171 0.3860
1960   44      44    88 0.5000
1970   75      79   154 0.5130
1980   47      61   108 0.5648
1990   58     144   202 0.7129
2000  331     759  1090 0.6963
2010  148     398   546 0.7289
8     808    1551  2359 0.6575
> bs.bool("contested_auction.txt",5,"uncontested","contested")
     uncontested contested total   freq
1955         633       561  1194 0.4698
1960         324       235   559 0.4204
1965         129       127   256 0.4961
1970         216       230   446 0.5157
1975         279       292   571 0.5114
1980         232       305   537 0.5680
1985         150       185   335 0.5522
1990          67        93   160 0.5813
1995         737       766  1503 0.5096
2000        1083      1196  2279 0.5248
2005        2959      3298  6257 0.5271
2010        2171      2567  4738 0.5418
13          8980      9855 18835 0.5232
> bs.bool("contested_auction.txt",10,"uncontested","contested")
     uncontested contested total   freq
1950         633       561  1194 0.4698
1960         453       362   815 0.4442
1970         495       522  1017 0.5133
1980         382       490   872 0.5619
1990         804       859  1663 0.5165
2000        4042      4494  8536 0.5265
2010        2171      2567  4738 0.5418
8           8980      9855 18835 0.5232
> bs.bool("bal_1st_hand.txt",10,"not balanced","balanced")
     not.balanced balanced total   freq
1950          600      607  1207 0.5029
1960          526      290   816 0.3554
1970          492      532  1024 0.5195
1980          488      391   879 0.4448
1990          880      790  1670 0.4731
2000         4356     4189  8545 0.4902
2010         2554     2191  4745 0.4617
8            9896     8990 18886 0.4760
> bs.ws("weak_two_1st.txt",10)
       0      0  1       1   2       2  3       3 4        4  Sum
1950  89 0.8558  2 0.01923  10 0.09615  3 0.02885 0 0.000000  104
1960  57 0.8382  2 0.02941   5 0.07353  4 0.05882 0 0.000000   68
1970  69 0.8625  0 0.00000   8 0.10000  3 0.03750 0 0.000000   80
1980  32 0.6400  6 0.12000   8 0.16000  4 0.08000 0 0.000000   50
1990  76 0.6609  7 0.06087  24 0.20870  8 0.06957 0 0.000000  115
2000 375 0.5990 34 0.05431 180 0.28754 33 0.05272 4 0.006390  626
2010 204 0.5845 17 0.04871  98 0.28080 27 0.07736 3 0.008596  349
Sum  902 5.0409 68 0.33254 333 1.20672 82 0.40481 7 0.014986 1392
> bs.ws("weak_two_1st_nv.txt",10)
       0      0  1       1   2       2  3       3 4        4 Sum
1950  35 0.7955  0 0.00000   7 0.15909  2 0.04545 0 0.000000  44
1960  28 0.8235  2 0.05882   2 0.05882  2 0.05882 0 0.000000  34
1970  23 0.8214  0 0.00000   2 0.07143  3 0.10714 0 0.000000  28
1980  13 0.5417  2 0.08333   5 0.20833  4 0.16667 0 0.000000  24
1990  26 0.5306  3 0.06122  13 0.26531  7 0.14286 0 0.000000  49
2000 150 0.5102 16 0.05442  99 0.33673 28 0.09524 1 0.003401 294
2010  63 0.4228 10 0.06711  51 0.34228 23 0.15436 2 0.013423 149
Sum  338 4.4457 33 0.32492 179 1.44200 69 0.77055 3 0.016824 622
> bs.pre("preempt.txt",10)
     no.preempt preempt total    freq lvalue
1950       1133      74  1207 0.06131  3.824
1960        778      38   816 0.04657  3.868
1970        972      52  1024 0.05078  3.788
1980        810      69   879 0.07850  3.609
1990       1534     136  1670 0.08144  3.801
2000       7669     876  8545 0.10252  3.779
2010       4222     523  4745 0.11022  3.641
8         17118    1768 18886 0.09361     NA
> cap <- bs.cap("contested_auction.txt",200)
> summary(cap)

Call:
lm(formula = c ~ y)

Residuals:
     Min       1Q   Median       3Q      Max 
-0.13240 -0.03885 -0.00496  0.04167  0.12785 

Coefficients:
            Estimate Std. Error t value Pr(>|t|)   
(Intercept) -1.84794    0.73999    -2.5   0.0143 * 
y            0.00119    0.00037     3.2   0.0019 **
---
Signif. codes:  0 ‘***’ 0.001 ‘**’ 0.01 ‘*’ 0.05 ‘.’ 0.1 ‘ ’ 1 

Residual standard error: 0.0597 on 93 degrees of freedom
Multiple R-squared: 0.0994,	Adjusted R-squared: 0.0897 
F-statistic: 10.3 on 1 and 93 DF,  p-value: 0.00186 

> start <- -1.84794 + (1955 * 0.00119 )
> end <- -1.84794 + (2013 * 0.00119 )
> start
[1] 0.4785
> end
[1] 0.5475
