> options(digits=2)
> bs.bool("opening_11_12_bal_2.txt",5,"pass","opening")
     pass opening total freq
1990  294     705   999 0.71
1995  212     369   581 0.64
2000  847    1640  2487 0.66
2005 1410    3165  4575 0.69
2010  502    1448  1950 0.74
6    3265    7327 10592 0.69
> bs.bool("contested_auction.txt",5,"uncontested","contested")
     uncontested contested total freq
1990        4117      4576  8693 0.53
1995        2324      2704  5028 0.54
2000       10290     11370 21660 0.52
2005       16442     18431 34873 0.53
2010        7945      9138 17083 0.53
6          41118     46219 87337 0.53
> bs.bool("bal_1st_hand.txt",5,"not balanced","balanced")
     not.balanced balanced total freq
1990         4322     4420  8742 0.51
1995         2651     2386  5037 0.47
2000        11459    10240 21699 0.47
2005        18429    16495 34924 0.47
2010         9079     8016 17095 0.47
6           45940    41557 87497 0.47
> bs.ws("weak_two_1st.txt",5)
        0    0   1     1    2    2   3     3  4      4  Sum
1990  417 0.62  21 0.031  206 0.31  27 0.040  0 0.0000  671
1995  229 0.62  11 0.030   96 0.26  32 0.086  2 0.0054  370
2000  999 0.58  61 0.035  559 0.32 108 0.062  3 0.0017 1730
2005 1523 0.61  81 0.032  742 0.29 161 0.064 10 0.0040 2517
2010  827 0.63  41 0.031  344 0.26  93 0.071  4 0.0031 1309
Sum  3995 3.05 215 0.160 1947 1.45 421 0.324 19 0.0142 6597
> bs.pre("preempt.txt",5)
     no.preempt preempt total  freq lvalue
1990       7874     868  8742 0.099    3.8
1995       4467     570  5037 0.113    3.7
2000      19323    2376 21699 0.109    3.7
2005      31336    3588 34924 0.103    3.7
2010      15448    1647 17095 0.096    3.7
6         78448    9049 87497 0.103     NA
> bs.cap("contested_auction.txt",200)

Call:
lm(formula = c ~ y)

Coefficients:
(Intercept)            y  
  -0.110515     0.000319  

> cap <- bs.cap("contested_auction.txt",200)
> summary(cap)

Call:
lm(formula = c ~ y)

Residuals:
     Min       1Q   Median       3Q      Max 
-0.20019 -0.03764 -0.00019  0.03853  0.16991 

Coefficients:
             Estimate Std. Error t value Pr(>|t|)
(Intercept) -0.110515   0.927755   -0.12     0.91
y            0.000319   0.000463    0.69     0.49

Residual standard error: 0.056 on 435 degrees of freedom
Multiple R-squared: 0.00109,	Adjusted R-squared: -0.0012 
F-statistic: 0.475 on 1 and 435 DF,  p-value: 0.491 

> start <- -0.110515 + (1990 * 0.000319)
> start
[1] 0.52
> start
[1] 0.52
> end <- -0.110515 + (2014 * 0.000319)
> end
[1] 0.53
> bs.ws("weak_two_1st_nv.txt",5)
        0    0   1     1    2    2   3     3  4      4  Sum
1990  229 0.55   8 0.019  152 0.37  24 0.058  0 0.0000  413
1995   72 0.44   7 0.043   57 0.35  27 0.165  1 0.0061  164
2000  507 0.50  35 0.034  380 0.37  96 0.094  3 0.0029 1021
2005  717 0.53  51 0.038  443 0.33 135 0.100  7 0.0052 1353
2010  347 0.54  22 0.034  189 0.29  84 0.130  3 0.0047  645
Sum  1872 2.56 123 0.168 1221 1.71 366 0.547 14 0.0189 3596


> bs.wm("mb_1.txt")
    freq hcp  imps suitq
0   1649 7.3 -1.43   6.8
14    37 9.0  4.68   9.6
22    52 7.4 -0.44   8.4
23     5 7.0 -2.00   9.0
24   241 7.5  0.37   8.6
34     2 6.5 -7.00   7.0
01  1698 7.2 -2.44   6.9
13    33 8.8 -3.36   8.2
221   45 7.0 -1.82   9.2
231  175 7.3 -2.47   8.7
> bs.wm("wk_6M_1.txt")
    freq hcp  imps suitq
0    405 6.8 -2.31   6.1
14    60 8.9 -0.30  10.0
22   252 7.5 -0.14   8.9
23    21 7.5 -2.90   9.8
24   440 7.5 -0.35   9.4
34    32 7.2 -0.12  11.5
01   524 6.7 -1.40   6.3
13    43 8.9  0.26  10.8
221  280 7.0 -1.88   8.6
231  463 7.6 -1.04   9.3
33    52 7.3 -1.75  11.5
> bs.wm("wk_6M_2.txt")
    freq hcp   imps suitq
0    191 7.2 -0.094   4.0
14    17 8.8 -0.412   3.7
22    90 7.7 -0.033   3.1
23     8 7.6 -3.125   4.0
24   177 7.7  1.486   3.2
34     8 6.9  1.625   1.9
01   166 7.3 -0.741   3.5
13    18 8.9  2.111   1.8
221  124 7.6  1.323   2.6
231  215 7.7  0.684   2.7
33    14 7.0  2.571   4.3

> bs.wm("mb_1.txt")

Spades
     freq   hcp   imps  suitq 
0   1649  7.3  -1.43    6.8
14    37   9.0    4.68    9.6
24   241  7.5    0.37    8.6

Hearts
     freq   hcp   imps  suitq 
0   1698  7.2  -2.44    6.9
13     33  8.8  -3.36    8.2
23   175  7.3  -2.47    8.7


> bs.wm("wk_6M_1.txt")
    freq hcp  imps suitq
0    405 6.8 -2.31   6.1
14    60 8.9 -0.30  10.0
22   252 7.5 -0.14   8.9
23    21 7.5 -2.90   9.8
24   440 7.5 -0.35   9.4
34    32 7.2 -0.12  11.5
01   524 6.7 -1.40   6.3
13    43 8.9  0.26  10.8
221  280 7.0 -1.88   8.6
231  463 7.6 -1.04   9.3
33    52 7.3 -1.75  11.5
> bs.wm("wk_6M_2.txt")
    freq hcp   imps suitq
Spades
0    191 7.2 -0.094   4.0
22    90 7.7 -0.033   3.1 
23     8 7.6 -3.125   4.0
24   177 7.7  1.486   3.2
34     8 6.9  1.625   1.9
Hearts
0    166 7.3 -0.741   3.5
13    18 8.9   2.111   1.8
22  124 7.6   1.323   2.6
23  215 7.7   0.684   2.7
33    14 7.0   2.571   4.3

Contested auction
> aggregate(nbids, by=list(bool), FUN= mean)
  Group.1    x
1       0 4.51
2       1 5.38
> aggregate(rounds, by=list(bool), FUN= mean)
  Group.1    x
1       0 2.21
2       1 2.07
